../Core/Src/driver/qspi.c:60:6:qspiInit	56	static
../Core/Src/driver/qspi.c:104:6:qspiReset	16	static
../Core/Src/driver/qspi.c:119:6:qspiAbort	16	static
../Core/Src/driver/qspi.c:134:6:qspiIsInit	4	static
../Core/Src/driver/qspi.c:139:6:qspiRead	32	static
../Core/Src/driver/qspi.c:162:6:qspiWrite	32	static
../Core/Src/driver/qspi.c:186:6:qspiEraseBlock	24	static
../Core/Src/driver/qspi.c:205:6:qspiEraseSector	24	static
../Core/Src/driver/qspi.c:223:6:qspiErase	40	static
../Core/Src/driver/qspi.c:266:6:qspiEraseChip	16	static
../Core/Src/driver/qspi.c:284:6:qspiGetStatus	16	static
../Core/Src/driver/qspi.c:300:6:qspiGetInfo	24	static
../Core/Src/driver/qspi.c:316:6:qspiEnableMemoryMappedMode	16	static
../Core/Src/driver/qspi.c:332:6:qspiSetXipMode	24	static
../Core/Src/driver/qspi.c:354:6:qspiGetXipMode	16	static
../Core/Src/driver/qspi.c:366:10:qspiGetAddr	4	static
../Core/Src/driver/qspi.c:371:10:qspiGetLength	4	static
../Core/Src/driver/qspi.c:388:9:BSP_QSPI_Init	48	static,ignoring_inline_asm
../Core/Src/driver/qspi.c:450:9:BSP_QSPI_Reset	8	static
../Core/Src/driver/qspi.c:460:9:BSP_QSPI_Abort	8	static
../Core/Src/driver/qspi.c:470:9:BSP_QSPI_Config	16	static
../Core/Src/driver/qspi.c:494:9:BSP_QSPI_DeInit	8	static
../Core/Src/driver/qspi.c:507:9:BSP_QSPI_Read	104	static
../Core/Src/driver/qspi.c:553:9:BSP_QSPI_Write	120	static
../Core/Src/driver/qspi.c:630:9:BSP_QSPI_Erase_Block	96	static
../Core/Src/driver/qspi.c:676:9:BSP_QSPI_Erase_Sector	96	static
../Core/Src/driver/qspi.c:723:9:BSP_QSPI_Erase_Chip	88	static
../Core/Src/driver/qspi.c:768:9:BSP_QSPI_GetStatus	96	static
../Core/Src/driver/qspi.c:826:9:BSP_QSPI_GetID	96	static
../Core/Src/driver/qspi.c:868:9:BSP_QSPI_GetInfo	16	static
../Core/Src/driver/qspi.c:880:9:BSP_QSPI_EnableMemoryMappedMode	96	static
../Core/Src/driver/qspi.c:943:16:QSPI_ResetMemory	96	static
../Core/Src/driver/qspi.c:995:16:QSPI_WriteEnable	120	static
../Core/Src/driver/qspi.c:1050:16:QSPI_AutoPollingMemReady	120	static
../Core/Src/driver/qspi.c:1096:16:QSPI_ReadStatus	112	static
../Core/Src/driver/qspi.c:1140:16:QSPI_WriteStatus	96	static
